Microsoft (R) Macro Assembler Version 9.00.21022.08	    09/08/09 12:12:08
add_print.asm						     Page 1 - 1


				.386
				.model	flat
				INCLUDELIB LIBCMT
				printf PROTO C, format:PTR BYTE, args:VARARG
 00000000			.data
 00000000 00000000		num DWORD 0
 00000004 6E 75 6D 3D 25	formatStr BYTE "num=%d", 0dh, 0ah, 0
	   64 0D 0A 00
				PUBLIC	_main
 00000000			.code
 00000000			_main	PROC
 00000000  B8 00000001			MOV eax, 1
 00000005  83 C0 04			ADD eax, 4
 00000008  83 E8 02			SUB eax, 2
 0000000B  A3 00000000 R		MOV num, eax
					INVOKE printf, ADDR formatStr, num
 00000023  C3				ret	0
 00000024			_main	ENDP
				END
Microsoft (R) Macro Assembler Version 9.00.21022.08	    09/08/09 12:12:08
add_print.asm						     Symbols 2 - 1




Segments and Groups:

                N a m e                 Size     Length   Align   Combine Class

FLAT . . . . . . . . . . . . . .	GROUP
_DATA  . . . . . . . . . . . . .	32 Bit	 0000000D DWord	  Public  'DATA'	
_TEXT  . . . . . . . . . . . . .	32 Bit	 00000024 DWord	  Public  'CODE'	


Procedures, parameters, and locals:

                N a m e                 Type     Value    Attr

_main  . . . . . . . . . . . . .	P Near	 00000000 _TEXT	Length= 00000024 Public
printf . . . . . . . . . . . . .	P Near	 00000000 FLAT	Length= 00000000 External C


Symbols:

                N a m e                 Type     Value    Attr

@CodeSize  . . . . . . . . . . .	Number	 00000000h   
@DataSize  . . . . . . . . . . .	Number	 00000000h   
@Interface . . . . . . . . . . .	Number	 00000000h   
@Model . . . . . . . . . . . . .	Number	 00000007h   
@code  . . . . . . . . . . . . .	Text   	 _TEXT
@data  . . . . . . . . . . . . .	Text   	 FLAT
@fardata?  . . . . . . . . . . .	Text   	 FLAT
@fardata . . . . . . . . . . . .	Text   	 FLAT
@stack . . . . . . . . . . . . .	Text   	 FLAT
formatStr  . . . . . . . . . . .	Byte	 00000004 _DATA	
num  . . . . . . . . . . . . . .	DWord	 00000000 _DATA	

	   0 Warnings
	   0 Errors
